Controladores/ReporteRevistasController.class
Modelos/AnuncioModel.class
Controladores/ListarUsuarios.class
Controladores/ComentarioController.class
Controladores/PerfilController.class
Controladores/RevistaController.class
Modelos/TarjetaModel.class
Controladores/TarjetaController.class
com/mycompany/proyecto/mapping/MappingTarjeta.class
Services/Reporte.class
Controladores/ReporteComentariosController.class
com/mycompany/proyecto/mapping/MappingRevista.class
Controladores/LoginController.class
com/mycompany/proyecto/mapping/MappingComentario.class
Config/Conexion.class
com/mycompany/proyecto/mapping/MappingAnuncio.class
Modelos/RegistrarseModel.class
Modelos/ComentarioModel.class
Controladores/EditarController.class
Controladores/ListarAnuncioController.class
Controladores/ReporteSuscripcionController.class
Controladores/RegistrarseController.class
Config/ConexionSingleton.class
Controladores/CargarAnuncioController.class
Controladores/BusquedaController.class
Modelos/PerfilModel.class
Controladores/SuscripcionController.class
Services/Tarjeta.class
Controladores/ReporteController.class
Controladores/ListarRevistasController.class
com/mycompany/proyecto/mapping/MappingPerfil.class
Modelos/SuscripcionModel.class
Services/Registrarse.class
Services/Login.class
com/mycompany/proyecto/mapping/MappingLogin.class
com/mycompany/proyecto/mapping/Mapping.class
com/mycompany/proyecto/mapping/MappingSuscripcion.class
Controladores/ReporteGananciasAnuncioController.class
Controladores/ReporteAnuncioController.class
Services/Perfil.class
Modelos/RevistaModel.class
Services/Revistas.class
Controladores/GananciasRevistaController.class
Controladores/ListarPerfilController.class
Services/Comentario.class
Services/SuscripcionRevista.class
com/mycompany/proyecto/mapping/MappingRegistrarse.class
Services/Anuncio.class
