/home/karlamatias/NetBeansProjects/Proyecto/src/main/java/Controladores/ReporteGananciasAnuncioController.java
/home/karlamatias/NetBeansProjects/Proyecto/src/main/java/Controladores/ListarRevistasController.java
/home/karlamatias/NetBeansProjects/Proyecto/src/main/java/Controladores/ReporteAnuncioController.java
/home/karlamatias/NetBeansProjects/Proyecto/src/main/java/Modelos/AnuncioModel.java
/home/karlamatias/NetBeansProjects/Proyecto/src/main/java/Services/Registrarse.java
/home/karlamatias/NetBeansProjects/Proyecto/src/main/java/Modelos/TarjetaModel.java
/home/karlamatias/NetBeansProjects/Proyecto/src/main/java/Modelos/ComentarioModel.java
/home/karlamatias/NetBeansProjects/Proyecto/src/main/java/Controladores/GananciasRevistaController.java
/home/karlamatias/NetBeansProjects/Proyecto/src/main/java/Controladores/BusquedaController.java
/home/karlamatias/NetBeansProjects/Proyecto/src/main/java/Controladores/ReporteComentariosController.java
/home/karlamatias/NetBeansProjects/Proyecto/src/main/java/Controladores/ListarPerfilController.java
/home/karlamatias/NetBeansProjects/Proyecto/src/main/java/Controladores/ComentarioController.java
/home/karlamatias/NetBeansProjects/Proyecto/src/main/java/Modelos/RegistrarseModel.java
/home/karlamatias/NetBeansProjects/Proyecto/src/main/java/Controladores/RegistrarseController.java
/home/karlamatias/NetBeansProjects/Proyecto/src/main/java/Services/Revistas.java
/home/karlamatias/NetBeansProjects/Proyecto/src/main/java/Controladores/SuscripcionController.java
/home/karlamatias/NetBeansProjects/Proyecto/src/main/java/com/mycompany/proyecto/mapping/MappingTarjeta.java
/home/karlamatias/NetBeansProjects/Proyecto/src/main/java/Services/Anuncio.java
/home/karlamatias/NetBeansProjects/Proyecto/src/main/java/com/mycompany/proyecto/mapping/Mapping.java
/home/karlamatias/NetBeansProjects/Proyecto/src/main/java/Controladores/ReporteController.java
/home/karlamatias/NetBeansProjects/Proyecto/src/main/java/Controladores/RevistaController.java
/home/karlamatias/NetBeansProjects/Proyecto/src/main/java/Controladores/EditarController.java
/home/karlamatias/NetBeansProjects/Proyecto/src/main/java/Modelos/SuscripcionModel.java
/home/karlamatias/NetBeansProjects/Proyecto/src/main/java/Services/Login.java
/home/karlamatias/NetBeansProjects/Proyecto/src/main/java/com/mycompany/proyecto/mapping/MappingPerfil.java
/home/karlamatias/NetBeansProjects/Proyecto/src/main/java/com/mycompany/proyecto/mapping/MappingLogin.java
/home/karlamatias/NetBeansProjects/Proyecto/src/main/java/com/mycompany/proyecto/mapping/MappingRegistrarse.java
/home/karlamatias/NetBeansProjects/Proyecto/src/main/java/Controladores/LoginController.java
/home/karlamatias/NetBeansProjects/Proyecto/src/main/java/Controladores/CargarAnuncioController.java
/home/karlamatias/NetBeansProjects/Proyecto/src/main/java/Controladores/TarjetaController.java
/home/karlamatias/NetBeansProjects/Proyecto/src/main/java/Controladores/ReporteRevistasController.java
/home/karlamatias/NetBeansProjects/Proyecto/src/main/java/Config/Conexion.java
/home/karlamatias/NetBeansProjects/Proyecto/src/main/java/com/mycompany/proyecto/mapping/MappingRevista.java
/home/karlamatias/NetBeansProjects/Proyecto/src/main/java/Modelos/PerfilModel.java
/home/karlamatias/NetBeansProjects/Proyecto/src/main/java/Services/Reporte.java
/home/karlamatias/NetBeansProjects/Proyecto/src/main/java/Controladores/ListarAnuncioController.java
/home/karlamatias/NetBeansProjects/Proyecto/src/main/java/Services/Tarjeta.java
/home/karlamatias/NetBeansProjects/Proyecto/src/main/java/Services/Perfil.java
/home/karlamatias/NetBeansProjects/Proyecto/src/main/java/Modelos/RevistaModel.java
/home/karlamatias/NetBeansProjects/Proyecto/src/main/java/Controladores/ReporteSuscripcionController.java
/home/karlamatias/NetBeansProjects/Proyecto/src/main/java/Services/Comentario.java
/home/karlamatias/NetBeansProjects/Proyecto/src/main/java/com/mycompany/proyecto/mapping/MappingSuscripcion.java
/home/karlamatias/NetBeansProjects/Proyecto/src/main/java/com/mycompany/proyecto/mapping/MappingAnuncio.java
/home/karlamatias/NetBeansProjects/Proyecto/src/main/java/Controladores/ListarUsuarios.java
/home/karlamatias/NetBeansProjects/Proyecto/src/main/java/Services/SuscripcionRevista.java
/home/karlamatias/NetBeansProjects/Proyecto/src/main/java/Controladores/PerfilController.java
/home/karlamatias/NetBeansProjects/Proyecto/src/main/java/Config/ConexionSingleton.java
/home/karlamatias/NetBeansProjects/Proyecto/src/main/java/com/mycompany/proyecto/mapping/MappingComentario.java
